Archive member included because of file (symbol)

c:/winavr-20100110/bin/../lib/gcc/avr/4.3.3/avr5\libgcc.a(_divmodhi4.o)
                              ./src/main.o (__divmodhi4)
c:/winavr-20100110/bin/../lib/gcc/avr/4.3.3/avr5\libgcc.a(_exit.o)
                              c:/winavr-20100110/bin/../lib/gcc/avr/4.3.3/../../../../avr/lib/avr5/crtm328p.o (exit)
c:/winavr-20100110/bin/../lib/gcc/avr/4.3.3/avr5\libgcc.a(_copy_data.o)
                              ./src/NRF24L01/NRF24L01.o (__do_copy_data)
c:/winavr-20100110/bin/../lib/gcc/avr/4.3.3/avr5\libgcc.a(_clear_bss.o)
                              ./src/NRF24L01/NRF24L01.o (__do_clear_bss)
c:/winavr-20100110/bin/../lib/gcc/avr/4.3.3/avr5\libgcc.a(_udivmodhi4.o)
                              c:/winavr-20100110/bin/../lib/gcc/avr/4.3.3/avr5\libgcc.a(_divmodhi4.o) (__udivmodhi4)
c:/winavr-20100110/bin/../lib/gcc/avr/4.3.3/../../../../avr/lib/avr5\libc.a(isspace.o)
                              ./src/util/trim.o (isspace)
c:/winavr-20100110/bin/../lib/gcc/avr/4.3.3/../../../../avr/lib/avr5\libc.a(eerd_byte_atmega328p.o)
                              ./src/MD_Protocol.o (__eerd_byte_m328p)
c:/winavr-20100110/bin/../lib/gcc/avr/4.3.3/../../../../avr/lib/avr5\libc.a(eewr_byte_atmega328p.o)
                              ./src/MD_Protocol.o (__eewr_byte_m328p)
c:/winavr-20100110/bin/../lib/gcc/avr/4.3.3/../../../../avr/lib/avr5\libc.a(cty_isfalse.o)
                              c:/winavr-20100110/bin/../lib/gcc/avr/4.3.3/../../../../avr/lib/avr5\libc.a(isspace.o) (__ctype_isfalse)

Allocating common symbols
Common symbol       size              file

g_DimmingLevel      0x4               ./src/main.o
RF_CHANNEL          0x1               ./src/NRF24L01/NRF24L01.o
RX_BUF              0x20              ./src/NRF24L01/NRF24L01.o
TX_BUF              0x20              ./src/NRF24L01/NRF24L01.o
xcps_rx_packet      0x40              ./src/Xcps.o
data                0x1               ./src/Uart.o
uart_rx_buff        0x40              ./src/Uart.o
timer_list          0x28              ./src/timer.o
status              0x1               ./src/Uart.o

Memory Configuration

Name             Origin             Length             Attributes
text             0x00000000         0x00020000         xr
data             0x00800060         0x0000ffa0         rw !x
eeprom           0x00810000         0x00010000         rw !x
fuse             0x00820000         0x00000400         rw !x
lock             0x00830000         0x00000400         rw !x
signature        0x00840000         0x00000400         rw !x
*default*        0x00000000         0xffffffff

Linker script and memory map

Address of section .data set to 0x800100
LOAD c:/winavr-20100110/bin/../lib/gcc/avr/4.3.3/../../../../avr/lib/avr5/crtm328p.o
LOAD ./src/util/byte_util.o
LOAD ./src/util/trim.o
LOAD ./src/NRF24L01/NRF24L01.o
LOAD ./src/MD_Protocol.o
LOAD ./src/Uart.o
LOAD ./src/XNetProtocol.o
LOAD ./src/Xcps.o
LOAD ./src/main.o
LOAD ./src/timer.o
LOAD ./.metadata/.plugins/org.eclipse.cdt.make.core/specs.o
LOAD c:/winavr-20100110/bin/../lib/gcc/avr/4.3.3/avr5\libgcc.a
LOAD c:/winavr-20100110/bin/../lib/gcc/avr/4.3.3/../../../../avr/lib/avr5\libc.a
LOAD c:/winavr-20100110/bin/../lib/gcc/avr/4.3.3/avr5\libgcc.a

.hash
 *(.hash)

.dynsym
 *(.dynsym)

.dynstr
 *(.dynstr)

.gnu.version
 *(.gnu.version)

.gnu.version_d
 *(.gnu.version_d)

.gnu.version_r
 *(.gnu.version_r)

.rel.init
 *(.rel.init)

.rela.init
 *(.rela.init)

.rel.text
 *(.rel.text)
 *(.rel.text.*)
 *(.rel.gnu.linkonce.t*)

.rela.text
 *(.rela.text)
 *(.rela.text.*)
 *(.rela.gnu.linkonce.t*)

.rel.fini
 *(.rel.fini)

.rela.fini
 *(.rela.fini)

.rel.rodata
 *(.rel.rodata)
 *(.rel.rodata.*)
 *(.rel.gnu.linkonce.r*)

.rela.rodata
 *(.rela.rodata)
 *(.rela.rodata.*)
 *(.rela.gnu.linkonce.r*)

.rel.data
 *(.rel.data)
 *(.rel.data.*)
 *(.rel.gnu.linkonce.d*)

.rela.data
 *(.rela.data)
 *(.rela.data.*)
 *(.rela.gnu.linkonce.d*)

.rel.ctors
 *(.rel.ctors)

.rela.ctors
 *(.rela.ctors)

.rel.dtors
 *(.rel.dtors)

.rela.dtors
 *(.rela.dtors)

.rel.got
 *(.rel.got)

.rela.got
 *(.rela.got)

.rel.bss
 *(.rel.bss)

.rela.bss
 *(.rela.bss)

.rel.plt
 *(.rel.plt)

.rela.plt
 *(.rela.plt)

.text           0x00000000      0xe9e
 *(.vectors)
 .vectors       0x00000000       0x68 c:/winavr-20100110/bin/../lib/gcc/avr/4.3.3/../../../../avr/lib/avr5/crtm328p.o
                0x00000000                __vectors
                0x00000000                __vector_default
 *(.vectors)
 *(.progmem.gcc*)
 *(.progmem*)
                0x00000068                . = ALIGN (0x2)
                0x00000068                __trampolines_start = .
 *(.trampolines)
 .trampolines   0x00000068        0x0 linker stubs
 *(.trampolines*)
                0x00000068                __trampolines_end = .
 *(.jumptables)
 *(.jumptables*)
 *(.lowtext)
 *(.lowtext*)
                0x00000068                __ctors_start = .
 *(.ctors)
                0x00000068                __ctors_end = .
                0x00000068                __dtors_start = .
 *(.dtors)
                0x00000068                __dtors_end = .
 SORT(*)(.ctors)
 SORT(*)(.dtors)
 *(.init0)
 .init0         0x00000068        0x0 c:/winavr-20100110/bin/../lib/gcc/avr/4.3.3/../../../../avr/lib/avr5/crtm328p.o
                0x00000068                __init
 *(.init0)
 *(.init1)
 *(.init1)
 *(.init2)
 .init2         0x00000068        0xc c:/winavr-20100110/bin/../lib/gcc/avr/4.3.3/../../../../avr/lib/avr5/crtm328p.o
 *(.init2)
 *(.init3)
 *(.init3)
 *(.init4)
 .init4         0x00000074       0x16 c:/winavr-20100110/bin/../lib/gcc/avr/4.3.3/avr5\libgcc.a(_copy_data.o)
                0x00000074                __do_copy_data
 .init4         0x0000008a       0x10 c:/winavr-20100110/bin/../lib/gcc/avr/4.3.3/avr5\libgcc.a(_clear_bss.o)
                0x0000008a                __do_clear_bss
 *(.init4)
 *(.init5)
 *(.init5)
 *(.init6)
 *(.init6)
 *(.init7)
 *(.init7)
 *(.init8)
 *(.init8)
 *(.init9)
 .init9         0x0000009a        0x8 c:/winavr-20100110/bin/../lib/gcc/avr/4.3.3/../../../../avr/lib/avr5/crtm328p.o
 *(.init9)
 *(.text)
 .text          0x000000a2        0x4 c:/winavr-20100110/bin/../lib/gcc/avr/4.3.3/../../../../avr/lib/avr5/crtm328p.o
                0x000000a2                __vector_22
                0x000000a2                __vector_1
                0x000000a2                __vector_24
                0x000000a2                __vector_12
                0x000000a2                __bad_interrupt
                0x000000a2                __vector_6
                0x000000a2                __vector_3
                0x000000a2                __vector_23
                0x000000a2                __vector_25
                0x000000a2                __vector_11
                0x000000a2                __vector_13
                0x000000a2                __vector_17
                0x000000a2                __vector_19
                0x000000a2                __vector_7
                0x000000a2                __vector_5
                0x000000a2                __vector_4
                0x000000a2                __vector_9
                0x000000a2                __vector_2
                0x000000a2                __vector_21
                0x000000a2                __vector_15
                0x000000a2                __vector_8
                0x000000a2                __vector_14
                0x000000a2                __vector_10
                0x000000a2                __vector_20
 .text          0x000000a6      0x136 ./src/util/byte_util.o
                0x00000136                APPEND_UINT08
                0x000000d2                REMOVE_UINT32
                0x000000b4                REMOVE_UINT16
                0x00000152                APPEND_UINT16
                0x000000a6                REMOVE_UINT08
                0x00000174                APPEND_UINT32
 .text          0x000001dc       0x74 ./src/util/trim.o
                0x00000228                ltrim
                0x000001dc                rtrim
                0x00000246                trim
 .text          0x00000250      0x32a ./src/NRF24L01/NRF24L01.o
                0x000004de                NRF24L01_Receive
                0x00000250                SPI_RW
                0x00000282                SPI_Read_Reg
                0x0000045a                nRF24L01_Initial
                0x000003e0                TX_Mode
                0x0000038a                RX_Mode
                0x00000356                nRF24L01_TxPacket
                0x000002da                SPI_Write_Buf
                0x00000260                SPI_RW_Reg
                0x00000314                nRF24L01_RxPacket
                0x000002a6                SPI_Read_Buf
                0x00000482                nRF24L01_Config
                0x000004ae                NRF24L01_Send
 .text          0x0000057a       0xfe ./src/MD_Protocol.o
                0x0000057a                MDP_SetWatchdogResetCount
                0x00000594                MDP_GetWatchdogResetCount
                0x0000065a                MDP_ProcessMessage
                0x000005ae                MDP_ProcessDimmingReq
                0x0000061c                MDP_IsWatchdogEnable
                0x00000636                MDP_ProcessSetWatchdogReq
 .text          0x00000678       0xd4 ./src/Uart.o
                0x00000738                USART_Transmit
                0x000006f6                USART_Receive
                0x00000678                InitUART
                0x00000694                __vector_18
 .text          0x0000074c       0x18 ./src/XNetProtocol.o
                0x0000074c                XNetHandler
 .text          0x00000764      0x286 ./src/Xcps.o
                0x0000077a                xcps_recv
                0x00000902                xcps_getOriginalCode
                0x00000764                xcps_init
                0x0000096c                xcps_getTrnalatedCode
 .text          0x000009ea      0x318 ./src/main.o
                0x000009ea                rotary__GetValue
                0x00000a2e                at8_init
                0x00000a9c                main
                0x00000a2c                delay
 .text          0x00000d02      0x108 ./src/timer.o
                0x00000d2c                timer_get
                0x00000d86                timer_init
                0x00000d02                timer_set
                0x00000d66                timer_clear
                0x00000dae                __vector_16
 .text          0x00000e0a        0x0 ./.metadata/.plugins/org.eclipse.cdt.make.core/specs.o
 .text          0x00000e0a        0x0 c:/winavr-20100110/bin/../lib/gcc/avr/4.3.3/avr5\libgcc.a(_divmodhi4.o)
 .text          0x00000e0a        0x0 c:/winavr-20100110/bin/../lib/gcc/avr/4.3.3/avr5\libgcc.a(_exit.o)
 .text          0x00000e0a        0x0 c:/winavr-20100110/bin/../lib/gcc/avr/4.3.3/avr5\libgcc.a(_copy_data.o)
 .text          0x00000e0a        0x0 c:/winavr-20100110/bin/../lib/gcc/avr/4.3.3/avr5\libgcc.a(_clear_bss.o)
 .text          0x00000e0a        0x0 c:/winavr-20100110/bin/../lib/gcc/avr/4.3.3/avr5\libgcc.a(_udivmodhi4.o)
 .text          0x00000e0a        0x0 c:/winavr-20100110/bin/../lib/gcc/avr/4.3.3/../../../../avr/lib/avr5\libc.a(isspace.o)
 .text          0x00000e0a        0x0 c:/winavr-20100110/bin/../lib/gcc/avr/4.3.3/../../../../avr/lib/avr5\libc.a(eerd_byte_atmega328p.o)
 .text          0x00000e0a        0x0 c:/winavr-20100110/bin/../lib/gcc/avr/4.3.3/../../../../avr/lib/avr5\libc.a(eewr_byte_atmega328p.o)
 .text          0x00000e0a        0x0 c:/winavr-20100110/bin/../lib/gcc/avr/4.3.3/../../../../avr/lib/avr5\libc.a(cty_isfalse.o)
                0x00000e0a                . = ALIGN (0x2)
 *(.text.*)
 .text.libgcc   0x00000e0a       0x26 c:/winavr-20100110/bin/../lib/gcc/avr/4.3.3/avr5\libgcc.a(_divmodhi4.o)
                0x00000e0a                __divmodhi4
                0x00000e0a                _div
 .text.libgcc   0x00000e30        0x0 c:/winavr-20100110/bin/../lib/gcc/avr/4.3.3/avr5\libgcc.a(_exit.o)
 .text.libgcc   0x00000e30        0x0 c:/winavr-20100110/bin/../lib/gcc/avr/4.3.3/avr5\libgcc.a(_copy_data.o)
 .text.libgcc   0x00000e30        0x0 c:/winavr-20100110/bin/../lib/gcc/avr/4.3.3/avr5\libgcc.a(_clear_bss.o)
 .text.libgcc   0x00000e30       0x28 c:/winavr-20100110/bin/../lib/gcc/avr/4.3.3/avr5\libgcc.a(_udivmodhi4.o)
                0x00000e30                __udivmodhi4
 .text.avr-libc
                0x00000e58       0x10 c:/winavr-20100110/bin/../lib/gcc/avr/4.3.3/../../../../avr/lib/avr5\libc.a(isspace.o)
                0x00000e58                isspace
 .text.avr-libc
                0x00000e68       0x10 c:/winavr-20100110/bin/../lib/gcc/avr/4.3.3/../../../../avr/lib/avr5\libc.a(eerd_byte_atmega328p.o)
                0x00000e68                __eerd_byte_m328p
 .text.avr-libc
                0x00000e78       0x1c c:/winavr-20100110/bin/../lib/gcc/avr/4.3.3/../../../../avr/lib/avr5\libc.a(eewr_byte_atmega328p.o)
                0x00000e78                __eewr_byte_m328p
                0x00000e7a                __eewr_r18_m328p
 .text.avr-libc
                0x00000e94        0x6 c:/winavr-20100110/bin/../lib/gcc/avr/4.3.3/../../../../avr/lib/avr5\libc.a(cty_isfalse.o)
                0x00000e98                __ctype_istrue
                0x00000e94                __ctype_isfalse
                0x00000e9a                . = ALIGN (0x2)
 *(.fini9)
 .fini9         0x00000e9a        0x0 c:/winavr-20100110/bin/../lib/gcc/avr/4.3.3/avr5\libgcc.a(_exit.o)
                0x00000e9a                exit
                0x00000e9a                _exit
 *(.fini9)
 *(.fini8)
 *(.fini8)
 *(.fini7)
 *(.fini7)
 *(.fini6)
 *(.fini6)
 *(.fini5)
 *(.fini5)
 *(.fini4)
 *(.fini4)
 *(.fini3)
 *(.fini3)
 *(.fini2)
 *(.fini2)
 *(.fini1)
 *(.fini1)
 *(.fini0)
 .fini0         0x00000e9a        0x4 c:/winavr-20100110/bin/../lib/gcc/avr/4.3.3/avr5\libgcc.a(_exit.o)
 *(.fini0)
                0x00000e9e                _etext = .

.data           0x00800100        0x8 load address 0x00000e9e
                0x00800100                PROVIDE (__data_start, .)
 *(.data)
 .data          0x00800100        0x0 c:/winavr-20100110/bin/../lib/gcc/avr/4.3.3/../../../../avr/lib/avr5/crtm328p.o
 .data          0x00800100        0x0 ./src/util/byte_util.o
 .data          0x00800100        0x0 ./src/util/trim.o
 .data          0x00800100        0x5 ./src/NRF24L01/NRF24L01.o
                0x00800100                TX_ADDRESS
 .data          0x00800105        0x2 ./src/MD_Protocol.o
                0x00800106                watchdogResetCount
                0x00800105                isWatchdogEnabled
 .data          0x00800107        0x0 ./src/Uart.o
 .data          0x00800107        0x0 ./src/XNetProtocol.o
 .data          0x00800107        0x0 ./src/Xcps.o
 .data          0x00800107        0x0 ./src/main.o
 .data          0x00800107        0x0 ./src/timer.o
 .data          0x00800107        0x0 ./.metadata/.plugins/org.eclipse.cdt.make.core/specs.o
 .data          0x00800107        0x0 c:/winavr-20100110/bin/../lib/gcc/avr/4.3.3/avr5\libgcc.a(_divmodhi4.o)
 .data          0x00800107        0x0 c:/winavr-20100110/bin/../lib/gcc/avr/4.3.3/avr5\libgcc.a(_exit.o)
 .data          0x00800107        0x0 c:/winavr-20100110/bin/../lib/gcc/avr/4.3.3/avr5\libgcc.a(_copy_data.o)
 .data          0x00800107        0x0 c:/winavr-20100110/bin/../lib/gcc/avr/4.3.3/avr5\libgcc.a(_clear_bss.o)
 .data          0x00800107        0x0 c:/winavr-20100110/bin/../lib/gcc/avr/4.3.3/avr5\libgcc.a(_udivmodhi4.o)
 .data          0x00800107        0x0 c:/winavr-20100110/bin/../lib/gcc/avr/4.3.3/../../../../avr/lib/avr5\libc.a(isspace.o)
 .data          0x00800107        0x0 c:/winavr-20100110/bin/../lib/gcc/avr/4.3.3/../../../../avr/lib/avr5\libc.a(eerd_byte_atmega328p.o)
 .data          0x00800107        0x0 c:/winavr-20100110/bin/../lib/gcc/avr/4.3.3/../../../../avr/lib/avr5\libc.a(eewr_byte_atmega328p.o)
 .data          0x00800107        0x0 c:/winavr-20100110/bin/../lib/gcc/avr/4.3.3/../../../../avr/lib/avr5\libc.a(cty_isfalse.o)
 *(.data*)
 *(.rodata)
 *(.rodata*)
 *(.gnu.linkonce.d*)
                0x00800108                . = ALIGN (0x2)
 *fill*         0x00800107        0x1 00
                0x00800108                _edata = .
                0x00800108                PROVIDE (__data_end, .)

.bss            0x00800108       0xff
                0x00800108                PROVIDE (__bss_start, .)
 *(.bss)
 .bss           0x00800108        0x0 c:/winavr-20100110/bin/../lib/gcc/avr/4.3.3/../../../../avr/lib/avr5/crtm328p.o
 .bss           0x00800108        0x0 ./src/util/byte_util.o
 .bss           0x00800108        0x0 ./src/util/trim.o
 .bss           0x00800108        0x2 ./src/NRF24L01/NRF24L01.o
                0x00800109                dimmingLevel
                0x00800108                channelId
 .bss           0x0080010a        0x0 ./src/MD_Protocol.o
 .bss           0x0080010a        0x3 ./src/Uart.o
                0x0080010a                uart_rx_front
                0x0080010c                uart_rx_len
                0x0080010b                uart_rx_tail
 .bss           0x0080010d        0x0 ./src/XNetProtocol.o
 .bss           0x0080010d        0xa ./src/Xcps.o
                0x0080010f                xcps_pdu_len
                0x0080010d                xcps_rxlen
 .bss           0x00800117        0x1 ./src/main.o
                0x00800117                g_TestFlag
 .bss           0x00800118        0x0 ./src/timer.o
 .bss           0x00800118        0x0 ./.metadata/.plugins/org.eclipse.cdt.make.core/specs.o
 .bss           0x00800118        0x0 c:/winavr-20100110/bin/../lib/gcc/avr/4.3.3/avr5\libgcc.a(_divmodhi4.o)
 .bss           0x00800118        0x0 c:/winavr-20100110/bin/../lib/gcc/avr/4.3.3/avr5\libgcc.a(_exit.o)
 .bss           0x00800118        0x0 c:/winavr-20100110/bin/../lib/gcc/avr/4.3.3/avr5\libgcc.a(_copy_data.o)
 .bss           0x00800118        0x0 c:/winavr-20100110/bin/../lib/gcc/avr/4.3.3/avr5\libgcc.a(_clear_bss.o)
 .bss           0x00800118        0x0 c:/winavr-20100110/bin/../lib/gcc/avr/4.3.3/avr5\libgcc.a(_udivmodhi4.o)
 .bss           0x00800118        0x0 c:/winavr-20100110/bin/../lib/gcc/avr/4.3.3/../../../../avr/lib/avr5\libc.a(isspace.o)
 .bss           0x00800118        0x0 c:/winavr-20100110/bin/../lib/gcc/avr/4.3.3/../../../../avr/lib/avr5\libc.a(eerd_byte_atmega328p.o)
 .bss           0x00800118        0x0 c:/winavr-20100110/bin/../lib/gcc/avr/4.3.3/../../../../avr/lib/avr5\libc.a(eewr_byte_atmega328p.o)
 .bss           0x00800118        0x0 c:/winavr-20100110/bin/../lib/gcc/avr/4.3.3/../../../../avr/lib/avr5\libc.a(cty_isfalse.o)
 *(.bss*)
 *(COMMON)
 COMMON         0x00800118       0x41 ./src/NRF24L01/NRF24L01.o
                0x00800118                RF_CHANNEL
                0x00800119                RX_BUF
                0x00800139                TX_BUF
 COMMON         0x00800159       0x42 ./src/Uart.o
                0x00800159                data
                0x0080015a                uart_rx_buff
                0x0080019a                status
 COMMON         0x0080019b       0x40 ./src/Xcps.o
                0x0080019b                xcps_rx_packet
 COMMON         0x008001db        0x4 ./src/main.o
                0x008001db                g_DimmingLevel
 COMMON         0x008001df       0x28 ./src/timer.o
                0x008001df                timer_list
                0x00800207                PROVIDE (__bss_end, .)
                0x00000e9e                __data_load_start = LOADADDR (.data)
                0x00000ea6                __data_load_end = (__data_load_start + SIZEOF (.data))

.noinit         0x00800207        0x0
                0x00800207                PROVIDE (__noinit_start, .)
 *(.noinit*)
                0x00800207                PROVIDE (__noinit_end, .)
                0x00800207                _end = .
                0x00800207                PROVIDE (__heap_start, .)

.eeprom         0x00810000        0x0
 *(.eeprom*)
                0x00810000                __eeprom_end = .

.fuse
 *(.fuse)
 *(.lfuse)
 *(.hfuse)
 *(.efuse)

.lock
 *(.lock*)

.signature
 *(.signature*)

.stab           0x00000000     0x3264
 *(.stab)
 .stab          0x00000000      0x558 ./src/util/byte_util.o
 .stab          0x00000558      0x2a0 ./src/util/trim.o
                                0x408 (size before relaxing)
 .stab          0x000007f8      0xdbc ./src/NRF24L01/NRF24L01.o
                                0xf9c (size before relaxing)
 .stab          0x000015b4      0x4e0 ./src/MD_Protocol.o
                                0x7a4 (size before relaxing)
 .stab          0x00001a94      0x318 ./src/Uart.o
                                0x534 (size before relaxing)
 .stab          0x00001dac      0x24c ./src/XNetProtocol.o
                                0x594 (size before relaxing)
 .stab          0x00001ff8      0x5d0 ./src/Xcps.o
                                0x840 (size before relaxing)
 .stab          0x000025c8      0x8a0 ./src/main.o
                                0xbdc (size before relaxing)
 .stab          0x00002e68      0x324 ./src/timer.o
                                0x51c (size before relaxing)
 .stab          0x0000318c       0xd8 ./.metadata/.plugins/org.eclipse.cdt.make.core/specs.o
                                 0xe4 (size before relaxing)

.stabstr        0x00000000     0x1903
 *(.stabstr)
 .stabstr       0x00000000     0x1903 ./src/util/byte_util.o

.stab.excl
 *(.stab.excl)

.stab.exclstr
 *(.stab.exclstr)

.stab.index
 *(.stab.index)

.stab.indexstr
 *(.stab.indexstr)

.comment
 *(.comment)

.debug
 *(.debug)

.line
 *(.line)

.debug_srcinfo
 *(.debug_srcinfo)

.debug_sfnames
 *(.debug_sfnames)

.debug_aranges
 *(.debug_aranges)

.debug_pubnames
 *(.debug_pubnames)

.debug_info
 *(.debug_info)
 *(.gnu.linkonce.wi.*)

.debug_abbrev
 *(.debug_abbrev)

.debug_line
 *(.debug_line)

.debug_frame
 *(.debug_frame)

.debug_str
 *(.debug_str)

.debug_loc
 *(.debug_loc)

.debug_macinfo
 *(.debug_macinfo)
OUTPUT(DRL-101_NRF.elf elf32-avr)
LOAD linker stubs
