Archive member included because of file (symbol)

c:/winavr-20100110/bin/../lib/gcc/avr/4.3.3/avr51\libgcc.a(_exit.o)
                              c:/winavr-20100110/bin/../lib/gcc/avr/4.3.3/../../../../avr/lib/avr51/crtm128.o (exit)
c:/winavr-20100110/bin/../lib/gcc/avr/4.3.3/avr51\libgcc.a(_clear_bss.o)
                              ./src/GC_Protocol.o (__do_clear_bss)

Allocating common symbols
Common symbol       size              file

SensorPacket        0x40              ./src/MDT-100Z.o
uart1_tx_buff       0x100             ./src/Uart.o
xcps_rx_packet_zigbee
                    0x40              ./src/Xcps.o
uart0_rx_buff       0x100             ./src/Uart.o
ctrl_Cmd            0x2               ./src/NCProtocol.o
tmp_zrmp            0x6               ./src/ZRMProtocol.o
dev_Count           0x1               ./src/NCProtocol.o
uart0_tx_buff       0x100             ./src/Uart.o
xcps_rx_packet_rs485
                    0x40              ./src/Xcps.o
tmp_Buff            0x40              ./src/NCProtocol.o
node_Type           0x40              ./src/NCProtocol.o
uart1_rx_buff       0x100             ./src/Uart.o
z_ieee_Id           0x4               ./src/NCProtocol.o
timerCount          0x4               ./src/Timer.o
device_Type         0x2               ./src/NCProtocol.o
timer_list          0x32              ./src/Timer.o
tmpBuffForMDP       0x40              ./src/MD_Protocol.o

Memory Configuration

Name             Origin             Length             Attributes
text             0x00000000         0x00020000         xr
data             0x00800060         0x0000ffa0         rw !x
eeprom           0x00810000         0x00010000         rw !x
fuse             0x00820000         0x00000400         rw !x
lock             0x00830000         0x00000400         rw !x
signature        0x00840000         0x00000400         rw !x
*default*        0x00000000         0xffffffff

Linker script and memory map

Address of section .data set to 0x800100
LOAD c:/winavr-20100110/bin/../lib/gcc/avr/4.3.3/../../../../avr/lib/avr51/crtm128.o
LOAD ./src/GC_Protocol.o
LOAD ./src/MDT-100Z.o
LOAD ./src/MD_Protocol.o
LOAD ./src/NCProtocol.o
LOAD ./src/Timer.o
LOAD ./src/Uart.o
LOAD ./src/XNetProtocol.o
LOAD ./src/Xcps.o
LOAD ./src/ZRMProtocol.o
LOAD ./src/rotary.o
LOAD c:/winavr-20100110/bin/../lib/gcc/avr/4.3.3/avr51\libgcc.a
LOAD c:/winavr-20100110/bin/../lib/gcc/avr/4.3.3/../../../../avr/lib/avr51\libc.a
LOAD c:/winavr-20100110/bin/../lib/gcc/avr/4.3.3/avr51\libgcc.a

.hash
 *(.hash)

.dynsym
 *(.dynsym)

.dynstr
 *(.dynstr)

.gnu.version
 *(.gnu.version)

.gnu.version_d
 *(.gnu.version_d)

.gnu.version_r
 *(.gnu.version_r)

.rel.init
 *(.rel.init)

.rela.init
 *(.rela.init)

.rel.text
 *(.rel.text)
 *(.rel.text.*)
 *(.rel.gnu.linkonce.t*)

.rela.text
 *(.rela.text)
 *(.rela.text.*)
 *(.rela.gnu.linkonce.t*)

.rel.fini
 *(.rel.fini)

.rela.fini
 *(.rela.fini)

.rel.rodata
 *(.rel.rodata)
 *(.rel.rodata.*)
 *(.rel.gnu.linkonce.r*)

.rela.rodata
 *(.rela.rodata)
 *(.rela.rodata.*)
 *(.rela.gnu.linkonce.r*)

.rel.data
 *(.rel.data)
 *(.rel.data.*)
 *(.rel.gnu.linkonce.d*)

.rela.data
 *(.rela.data)
 *(.rela.data.*)
 *(.rela.gnu.linkonce.d*)

.rel.ctors
 *(.rel.ctors)

.rela.ctors
 *(.rela.ctors)

.rel.dtors
 *(.rel.dtors)

.rela.dtors
 *(.rela.dtors)

.rel.got
 *(.rel.got)

.rela.got
 *(.rela.got)

.rel.bss
 *(.rel.bss)

.rela.bss
 *(.rela.bss)

.rel.plt
 *(.rel.plt)

.rela.plt
 *(.rela.plt)

.text           0x00000000     0x1478
 *(.vectors)
 .vectors       0x00000000       0x8c c:/winavr-20100110/bin/../lib/gcc/avr/4.3.3/../../../../avr/lib/avr51/crtm128.o
                0x00000000                __vectors
                0x00000000                __vector_default
 *(.vectors)
 *(.progmem.gcc*)
 *(.progmem*)
                0x0000008c                . = ALIGN (0x2)
                0x0000008c                __trampolines_start = .
 *(.trampolines)
 .trampolines   0x0000008c        0x0 linker stubs
 *(.trampolines*)
                0x0000008c                __trampolines_end = .
 *(.jumptables)
 *(.jumptables*)
 *(.lowtext)
 *(.lowtext*)
                0x0000008c                __ctors_start = .
 *(.ctors)
                0x0000008c                __ctors_end = .
                0x0000008c                __dtors_start = .
 *(.dtors)
                0x0000008c                __dtors_end = .
 SORT(*)(.ctors)
 SORT(*)(.dtors)
 *(.init0)
 .init0         0x0000008c        0x0 c:/winavr-20100110/bin/../lib/gcc/avr/4.3.3/../../../../avr/lib/avr51/crtm128.o
                0x0000008c                __init
 *(.init0)
 *(.init1)
 *(.init1)
 *(.init2)
 .init2         0x0000008c        0xc c:/winavr-20100110/bin/../lib/gcc/avr/4.3.3/../../../../avr/lib/avr51/crtm128.o
 *(.init2)
 *(.init3)
 *(.init3)
 *(.init4)
 .init4         0x00000098       0x1a c:/winavr-20100110/bin/../lib/gcc/avr/4.3.3/../../../../avr/lib/avr51/crtm128.o
                0x00000098                __do_copy_data
 .init4         0x000000b2       0x10 c:/winavr-20100110/bin/../lib/gcc/avr/4.3.3/avr51\libgcc.a(_clear_bss.o)
                0x000000b2                __do_clear_bss
 *(.init4)
 *(.init5)
 *(.init5)
 *(.init6)
 *(.init6)
 *(.init7)
 *(.init7)
 *(.init8)
 *(.init8)
 *(.init9)
 .init9         0x000000c2        0x8 c:/winavr-20100110/bin/../lib/gcc/avr/4.3.3/../../../../avr/lib/avr51/crtm128.o
 *(.init9)
 *(.text)
 .text          0x000000ca        0x4 c:/winavr-20100110/bin/../lib/gcc/avr/4.3.3/../../../../avr/lib/avr51/crtm128.o
                0x000000ca                __vector_22
                0x000000ca                __vector_28
                0x000000ca                __vector_1
                0x000000ca                __vector_34
                0x000000ca                __vector_24
                0x000000ca                __vector_12
                0x000000ca                __bad_interrupt
                0x000000ca                __vector_6
                0x000000ca                __vector_3
                0x000000ca                __vector_23
                0x000000ca                __vector_25
                0x000000ca                __vector_11
                0x000000ca                __vector_13
                0x000000ca                __vector_17
                0x000000ca                __vector_7
                0x000000ca                __vector_27
                0x000000ca                __vector_5
                0x000000ca                __vector_33
                0x000000ca                __vector_4
                0x000000ca                __vector_9
                0x000000ca                __vector_2
                0x000000ca                __vector_21
                0x000000ca                __vector_15
                0x000000ca                __vector_29
                0x000000ca                __vector_8
                0x000000ca                __vector_14
                0x000000ca                __vector_10
                0x000000ca                __vector_16
 .text          0x000000ce      0x144 ./src/GC_Protocol.o
                0x000000ea                plcs_GetGCPMessage
                0x00000158                plcs_GetGCPResMessage
                0x000001b0                plcs_gcp_SendStateInfoRes
                0x000000ce                getSeqNumGeneratorForGCP
 .text          0x00000212      0x29e ./src/MDT-100Z.o
                0x0000024e                WDT_INIT
                0x0000030e                ledTask
                0x00000236                resetZigbee
                0x00000268                ZigbeeUsartTask
                0x000003d8                main
                0x00000212                InitMCU
 .text          0x000004b0      0x14e ./src/MD_Protocol.o
                0x000004b0                getSeqNumGeneratorForMDP
                0x0000053c                plcs_GetMDPResMessage
                0x000004cc                MDP_HandleDimmingReq
                0x00000594                MDP_SendDimmingReqToMDP
                0x000004ce                plcs_GetMDPMessage
 .text          0x000005fe      0x1f4 ./src/NCProtocol.o
                0x000006f8                ncp_ProcessRegisterReq
                0x00000734                ncp_SendPingRes
                0x00000656                getSeqNumGenerator
                0x00000672                ncp_ConnState
                0x000007b0                ncp_ProcessPingReq
                0x000005fe                plcs_GetNCPResMessage
                0x000007d8                ncp_ProcessMessage
                0x00000678                ncp_SendRegisterRes
 .text          0x000007f2      0x154 ./src/Timer.o
                0x0000081c                timer_get
                0x00000876                timer_init
                0x000007f2                timer_set
                0x000008c0                __vector_26
                0x00000856                timer_clear
 .text          0x00000946      0x2e6 ./src/Uart.o
                0x00000b82                __vector_32
                0x00000a7c                USART0_Receive
                0x00000b1e                __vector_31
                0x00000ac4                __vector_30
                0x000009ca                __vector_19
                0x00000bdc                USART1_Receive
                0x00000c18                USART1_Transmit
                0x00000ab8                USART0_Transmit
                0x00000946                InitUART
                0x00000976                __vector_18
                0x00000a24                __vector_20
 .text          0x00000c2c       0x18 ./src/XNetProtocol.o
                0x00000c2c                XNetHandler
 .text          0x00000c44      0x594 ./src/Xcps.o
                0x00000e60                xcps_recv_rs485
                0x00000c44                xcps_init_zigbee
                0x00000fe0                xcps_getOriginalCode
                0x0000104a                xcps_recv_zigbee
                0x00000c5a                xcps_init_rs485
                0x0000115a                xcps_getTrnalatedCode
                0x00000c70                xcps_send_zigbee
                0x00000d68                xcps_send_rs485
 .text          0x000011d8      0x272 ./src/ZRMProtocol.o
                0x000012d6                ZRMsendPing
                0x00001266                ZRMSendSetPanID
                0x000012b2                ZRMsendConfig
                0x00001212                ZRMSendSetPreconfig
                0x0000128e                ZRMSendReset
                0x0000123c                ZRMSendSetChannel
                0x000011d8                getState
                0x000011de                sendData_Remote
                0x000012f4                sendData
                0x00001390                ZRMPMessage
 .text          0x0000144a       0x2a ./src/rotary.o
                0x0000144a                initRotary
                0x00001464                rotary_GetValue
 .text          0x00001474        0x0 c:/winavr-20100110/bin/../lib/gcc/avr/4.3.3/avr51\libgcc.a(_exit.o)
 .text          0x00001474        0x0 c:/winavr-20100110/bin/../lib/gcc/avr/4.3.3/avr51\libgcc.a(_clear_bss.o)
                0x00001474                . = ALIGN (0x2)
 *(.text.*)
 .text.libgcc   0x00001474        0x0 c:/winavr-20100110/bin/../lib/gcc/avr/4.3.3/avr51\libgcc.a(_exit.o)
 .text.libgcc   0x00001474        0x0 c:/winavr-20100110/bin/../lib/gcc/avr/4.3.3/avr51\libgcc.a(_clear_bss.o)
                0x00001474                . = ALIGN (0x2)
 *(.fini9)
 .fini9         0x00001474        0x0 c:/winavr-20100110/bin/../lib/gcc/avr/4.3.3/avr51\libgcc.a(_exit.o)
                0x00001474                exit
                0x00001474                _exit
 *(.fini9)
 *(.fini8)
 *(.fini8)
 *(.fini7)
 *(.fini7)
 *(.fini6)
 *(.fini6)
 *(.fini5)
 *(.fini5)
 *(.fini4)
 *(.fini4)
 *(.fini3)
 *(.fini3)
 *(.fini2)
 *(.fini2)
 *(.fini1)
 *(.fini1)
 *(.fini0)
 .fini0         0x00001474        0x4 c:/winavr-20100110/bin/../lib/gcc/avr/4.3.3/avr51\libgcc.a(_exit.o)
 *(.fini0)
                0x00001478                _etext = .

.data           0x00800100        0x0 load address 0x00001478
                0x00800100                PROVIDE (__data_start, .)
 *(.data)
 .data          0x00800100        0x0 c:/winavr-20100110/bin/../lib/gcc/avr/4.3.3/../../../../avr/lib/avr51/crtm128.o
 .data          0x00800100        0x0 ./src/GC_Protocol.o
 .data          0x00800100        0x0 ./src/MDT-100Z.o
 .data          0x00800100        0x0 ./src/MD_Protocol.o
 .data          0x00800100        0x0 ./src/NCProtocol.o
 .data          0x00800100        0x0 ./src/Timer.o
 .data          0x00800100        0x0 ./src/Uart.o
 .data          0x00800100        0x0 ./src/XNetProtocol.o
 .data          0x00800100        0x0 ./src/Xcps.o
 .data          0x00800100        0x0 ./src/ZRMProtocol.o
 .data          0x00800100        0x0 ./src/rotary.o
 .data          0x00800100        0x0 c:/winavr-20100110/bin/../lib/gcc/avr/4.3.3/avr51\libgcc.a(_exit.o)
 .data          0x00800100        0x0 c:/winavr-20100110/bin/../lib/gcc/avr/4.3.3/avr51\libgcc.a(_clear_bss.o)
 *(.data*)
 *(.rodata)
 *(.rodata*)
 *(.gnu.linkonce.d*)
                0x00800100                . = ALIGN (0x2)
                0x00800100                _edata = .
                0x00800100                PROVIDE (__data_end, .)

.bss            0x00800100      0x5ef
                0x00800100                PROVIDE (__bss_start, .)
 *(.bss)
 .bss           0x00800100        0x0 c:/winavr-20100110/bin/../lib/gcc/avr/4.3.3/../../../../avr/lib/avr51/crtm128.o
 .bss           0x00800100        0x2 ./src/GC_Protocol.o
                0x00800100                seqNumGeneratorForGCP
 .bss           0x00800102        0x4 ./src/MDT-100Z.o
 .bss           0x00800106        0x2 ./src/MD_Protocol.o
                0x00800106                seqNumGeneratorForMDP
 .bss           0x00800108        0x4 ./src/NCProtocol.o
                0x00800108                ncp_NetState
                0x00800109                pingCounter
                0x0080010a                seqNumGenerator
 .bss           0x0080010c        0x0 ./src/Timer.o
 .bss           0x0080010c        0xc ./src/Uart.o
                0x00800112                uart1_rx_front
                0x0080010f                uart0_tx_front
                0x00800115                uart1_tx_front
                0x0080010d                uart0_rx_tail
                0x00800113                uart1_rx_tail
                0x00800110                uart0_tx_tail
                0x00800116                uart1_tx_tail
                0x00800117                uart1_tx_len
                0x0080010c                uart0_rx_front
                0x00800114                uart1_rx_len
                0x0080010e                uart0_rx_len
                0x00800111                uart0_tx_len
 .bss           0x00800118        0x0 ./src/XNetProtocol.o
 .bss           0x00800118       0x12 ./src/Xcps.o
                0x00800118                xcps_rxlen_zigbee
                0x0080011c                xcps_rxlen_rs485
                0x0080011a                xcps_pdu_len_zigbee
                0x0080011e                xcps_pdu_len_rs485
 .bss           0x0080012a        0x0 ./src/ZRMProtocol.o
 .bss           0x0080012a        0x0 ./src/rotary.o
 .bss           0x0080012a        0x0 c:/winavr-20100110/bin/../lib/gcc/avr/4.3.3/avr51\libgcc.a(_exit.o)
 .bss           0x0080012a        0x0 c:/winavr-20100110/bin/../lib/gcc/avr/4.3.3/avr51\libgcc.a(_clear_bss.o)
 *(.bss*)
 *(COMMON)
 COMMON         0x0080012a       0x40 ./src/MDT-100Z.o
                0x0080012a                SensorPacket
 COMMON         0x0080016a       0x40 ./src/MD_Protocol.o
                0x0080016a                tmpBuffForMDP
 COMMON         0x008001aa       0x89 ./src/NCProtocol.o
                0x008001aa                ctrl_Cmd
                0x008001ac                dev_Count
                0x008001ad                tmp_Buff
                0x008001ed                node_Type
                0x0080022d                z_ieee_Id
                0x00800231                device_Type
 COMMON         0x00800233       0x36 ./src/Timer.o
                0x00800233                timerCount
                0x00800237                timer_list
 COMMON         0x00800269      0x400 ./src/Uart.o
                0x00800269                uart1_tx_buff
                0x00800369                uart0_rx_buff
                0x00800469                uart0_tx_buff
                0x00800569                uart1_rx_buff
 COMMON         0x00800669       0x80 ./src/Xcps.o
                0x00800669                xcps_rx_packet_zigbee
                0x008006a9                xcps_rx_packet_rs485
 COMMON         0x008006e9        0x6 ./src/ZRMProtocol.o
                0x008006e9                tmp_zrmp
                0x008006ef                PROVIDE (__bss_end, .)
                0x00001478                __data_load_start = LOADADDR (.data)
                0x00001478                __data_load_end = (__data_load_start + SIZEOF (.data))

.noinit         0x008006ef        0x0
                0x008006ef                PROVIDE (__noinit_start, .)
 *(.noinit*)
                0x008006ef                PROVIDE (__noinit_end, .)
                0x008006ef                _end = .
                0x008006ef                PROVIDE (__heap_start, .)

.eeprom         0x00810000        0x0
 *(.eeprom*)
                0x00810000                __eeprom_end = .

.fuse
 *(.fuse)
 *(.lfuse)
 *(.hfuse)
 *(.efuse)

.lock
 *(.lock*)

.signature
 *(.signature*)

.stab           0x00000000     0x3be8
 *(.stab)
 .stab          0x00000000      0x84c ./src/GC_Protocol.o
 .stab          0x0000084c      0x8a0 ./src/MDT-100Z.o
                                0xbc4 (size before relaxing)
 .stab          0x000010ec      0x504 ./src/MD_Protocol.o
                                0x84c (size before relaxing)
 .stab          0x000015f0      0x5f4 ./src/NCProtocol.o
                                0x93c (size before relaxing)
 .stab          0x00001be4      0x390 ./src/Timer.o
                                0x5d0 (size before relaxing)
 .stab          0x00001f74      0x780 ./src/Uart.o
                                0x9fc (size before relaxing)
 .stab          0x000026f4      0x228 ./src/XNetProtocol.o
                                0x564 (size before relaxing)
 .stab          0x0000291c      0x990 ./src/Xcps.o
                                0xc0c (size before relaxing)
 .stab          0x000032ac      0x738 ./src/ZRMProtocol.o
                                0xa20 (size before relaxing)
 .stab          0x000039e4      0x204 ./src/rotary.o
                                0x408 (size before relaxing)

.stabstr        0x00000000     0x1d9b
 *(.stabstr)
 .stabstr       0x00000000     0x1d9b ./src/GC_Protocol.o

.stab.excl
 *(.stab.excl)

.stab.exclstr
 *(.stab.exclstr)

.stab.index
 *(.stab.index)

.stab.indexstr
 *(.stab.indexstr)

.comment
 *(.comment)

.debug
 *(.debug)

.line
 *(.line)

.debug_srcinfo
 *(.debug_srcinfo)

.debug_sfnames
 *(.debug_sfnames)

.debug_aranges
 *(.debug_aranges)

.debug_pubnames
 *(.debug_pubnames)

.debug_info
 *(.debug_info)
 *(.gnu.linkonce.wi.*)

.debug_abbrev
 *(.debug_abbrev)

.debug_line
 *(.debug_line)

.debug_frame
 *(.debug_frame)

.debug_str
 *(.debug_str)

.debug_loc
 *(.debug_loc)

.debug_macinfo
 *(.debug_macinfo)
OUTPUT(MDT_201.elf elf32-avr)
LOAD linker stubs
